Archive member included to satisfy reference by file (symbol)

c:/program files (x86)/atmel/studio/7.0/toolchain/avr8/avr8-gnu-toolchain/bin/../lib/gcc/avr/5.4.0/../../../../avr/lib/avr51\libm.a(cmpsf2.o)
                              g_code.o (__ltsf2)
c:/program files (x86)/atmel/studio/7.0/toolchain/avr8/avr8-gnu-toolchain/bin/../lib/gcc/avr/5.4.0/../../../../avr/lib/avr51\libm.a(divsf3.o)
                              g_code.o (__divsf3)
c:/program files (x86)/atmel/studio/7.0/toolchain/avr8/avr8-gnu-toolchain/bin/../lib/gcc/avr/5.4.0/../../../../avr/lib/avr51\libm.a(divsf3x.o)
                              c:/program files (x86)/atmel/studio/7.0/toolchain/avr8/avr8-gnu-toolchain/bin/../lib/gcc/avr/5.4.0/../../../../avr/lib/avr51\libm.a(divsf3.o) (__divsf3x)
c:/program files (x86)/atmel/studio/7.0/toolchain/avr8/avr8-gnu-toolchain/bin/../lib/gcc/avr/5.4.0/../../../../avr/lib/avr51\libm.a(fixsfsi.o)
                              g_code.o (__fixsfsi)
c:/program files (x86)/atmel/studio/7.0/toolchain/avr8/avr8-gnu-toolchain/bin/../lib/gcc/avr/5.4.0/../../../../avr/lib/avr51\libm.a(fixunssfsi.o)
                              c:/program files (x86)/atmel/studio/7.0/toolchain/avr8/avr8-gnu-toolchain/bin/../lib/gcc/avr/5.4.0/../../../../avr/lib/avr51\libm.a(fixsfsi.o) (__fixunssfsi)
c:/program files (x86)/atmel/studio/7.0/toolchain/avr8/avr8-gnu-toolchain/bin/../lib/gcc/avr/5.4.0/../../../../avr/lib/avr51\libm.a(floatsisf.o)
                              hpgl.o (__floatsisf)
c:/program files (x86)/atmel/studio/7.0/toolchain/avr8/avr8-gnu-toolchain/bin/../lib/gcc/avr/5.4.0/../../../../avr/lib/avr51\libm.a(fp_cmp.o)
                              c:/program files (x86)/atmel/studio/7.0/toolchain/avr8/avr8-gnu-toolchain/bin/../lib/gcc/avr/5.4.0/../../../../avr/lib/avr51\libm.a(cmpsf2.o) (__fp_cmp)
c:/program files (x86)/atmel/studio/7.0/toolchain/avr8/avr8-gnu-toolchain/bin/../lib/gcc/avr/5.4.0/../../../../avr/lib/avr51\libm.a(fp_inf.o)
                              c:/program files (x86)/atmel/studio/7.0/toolchain/avr8/avr8-gnu-toolchain/bin/../lib/gcc/avr/5.4.0/../../../../avr/lib/avr51\libm.a(divsf3x.o) (__fp_inf)
c:/program files (x86)/atmel/studio/7.0/toolchain/avr8/avr8-gnu-toolchain/bin/../lib/gcc/avr/5.4.0/../../../../avr/lib/avr51\libm.a(fp_nan.o)
                              c:/program files (x86)/atmel/studio/7.0/toolchain/avr8/avr8-gnu-toolchain/bin/../lib/gcc/avr/5.4.0/../../../../avr/lib/avr51\libm.a(divsf3x.o) (__fp_nan)
c:/program files (x86)/atmel/studio/7.0/toolchain/avr8/avr8-gnu-toolchain/bin/../lib/gcc/avr/5.4.0/../../../../avr/lib/avr51\libm.a(fp_pscA.o)
                              c:/program files (x86)/atmel/studio/7.0/toolchain/avr8/avr8-gnu-toolchain/bin/../lib/gcc/avr/5.4.0/../../../../avr/lib/avr51\libm.a(divsf3x.o) (__fp_pscA)
c:/program files (x86)/atmel/studio/7.0/toolchain/avr8/avr8-gnu-toolchain/bin/../lib/gcc/avr/5.4.0/../../../../avr/lib/avr51\libm.a(fp_pscB.o)
                              c:/program files (x86)/atmel/studio/7.0/toolchain/avr8/avr8-gnu-toolchain/bin/../lib/gcc/avr/5.4.0/../../../../avr/lib/avr51\libm.a(divsf3x.o) (__fp_pscB)
c:/program files (x86)/atmel/studio/7.0/toolchain/avr8/avr8-gnu-toolchain/bin/../lib/gcc/avr/5.4.0/../../../../avr/lib/avr51\libm.a(fp_round.o)
                              c:/program files (x86)/atmel/studio/7.0/toolchain/avr8/avr8-gnu-toolchain/bin/../lib/gcc/avr/5.4.0/../../../../avr/lib/avr51\libm.a(divsf3.o) (__fp_round)
c:/program files (x86)/atmel/studio/7.0/toolchain/avr8/avr8-gnu-toolchain/bin/../lib/gcc/avr/5.4.0/../../../../avr/lib/avr51\libm.a(fp_split3.o)
                              c:/program files (x86)/atmel/studio/7.0/toolchain/avr8/avr8-gnu-toolchain/bin/../lib/gcc/avr/5.4.0/../../../../avr/lib/avr51\libm.a(divsf3x.o) (__fp_split3)
c:/program files (x86)/atmel/studio/7.0/toolchain/avr8/avr8-gnu-toolchain/bin/../lib/gcc/avr/5.4.0/../../../../avr/lib/avr51\libm.a(fp_zero.o)
                              c:/program files (x86)/atmel/studio/7.0/toolchain/avr8/avr8-gnu-toolchain/bin/../lib/gcc/avr/5.4.0/../../../../avr/lib/avr51\libm.a(fixunssfsi.o) (__fp_zero)
c:/program files (x86)/atmel/studio/7.0/toolchain/avr8/avr8-gnu-toolchain/bin/../lib/gcc/avr/5.4.0/../../../../avr/lib/avr51\libm.a(mulsf3.o)
                              g_code.o (__mulsf3)
c:/program files (x86)/atmel/studio/7.0/toolchain/avr8/avr8-gnu-toolchain/bin/../lib/gcc/avr/5.4.0/../../../../avr/lib/avr51\libm.a(mulsf3x.o)
                              c:/program files (x86)/atmel/studio/7.0/toolchain/avr8/avr8-gnu-toolchain/bin/../lib/gcc/avr/5.4.0/../../../../avr/lib/avr51\libm.a(mulsf3.o) (__mulsf3x)
c:/program files (x86)/atmel/studio/7.0/toolchain/avr8/avr8-gnu-toolchain/bin/../lib/gcc/avr/5.4.0/../../../../avr/lib/avr51\libm.a(round.o)
                              hpgl.o (round)
[...]
Memory Configuration

Name             Origin             Length             Attributes
text             0x00000000         0x00020000         xr
data             0x00800100         0x0000ff00         rw !x
eeprom           0x00810000         0x00010000         rw !x
fuse             0x00820000         0x00000003         rw !x
lock             0x00830000         0x00000400         rw !x
signature        0x00840000         0x00000400         rw !x
user_signatures  0x00850000         0x00000400         rw !x
*default*        0x00000000         0xffffffff

Linker script and memory map

Address of section .data set to 0x800100
LOAD C:/Program Files (x86)/Atmel/Studio/7.0/Packs/Atmel/ATmega_DFP/1.2.209/gcc/dev/atmega128/avr51/crtatmega128.o
LOAD cli.o
LOAD dial.o
LOAD g_code.o
LOAD hpgl.o
LOAD keypad.o
LOAD lcd.o
LOAD main.o
LOAD scale.o
LOAD serial.o
LOAD shvars.o
LOAD stepper.o
LOAD timer.o
LOAD usb.o
START GROUP
LOAD c:/program files (x86)/atmel/studio/7.0/toolchain/avr8/avr8-gnu-toolchain/bin/../lib/gcc/avr/5.4.0/../../../../avr/lib/avr51\libm.a
END GROUP
START GROUP
LOAD c:/program files (x86)/atmel/studio/7.0/toolchain/avr8/avr8-gnu-toolchain/bin/../lib/gcc/avr/5.4.0/avr51\libgcc.a
LOAD c:/program files (x86)/atmel/studio/7.0/toolchain/avr8/avr8-gnu-toolchain/bin/../lib/gcc/avr/5.4.0/../../../../avr/lib/avr51\libm.a
LOAD c:/program files (x86)/atmel/studio/7.0/toolchain/avr8/avr8-gnu-toolchain/bin/../lib/gcc/avr/5.4.0/../../../../avr/lib/avr51\libc.a
LOAD C:/Program Files (x86)/Atmel/Studio/7.0/Packs/Atmel/ATmega_DFP/1.2.209/gcc/dev/atmega128/avr51\libatmega128.a
END GROUP
                0x00000000                __TEXT_REGION_ORIGIN__ = DEFINED (__TEXT_REGION_ORIGIN__)?__TEXT_REGION_ORIGIN__:0x0
                0x00800100                __DATA_REGION_ORIGIN__ = DEFINED (__DATA_REGION_ORIGIN__)?__DATA_REGION_ORIGIN__:0x800100
                0x00020000                __TEXT_REGION_LENGTH__ = DEFINED (__TEXT_REGION_LENGTH__)?__TEXT_REGION_LENGTH__:0x20000
                0x0000ff00                __DATA_REGION_LENGTH__ = DEFINED (__DATA_REGION_LENGTH__)?__DATA_REGION_LENGTH__:0xff00
                0x00010000                __EEPROM_REGION_LENGTH__ = DEFINED (__EEPROM_REGION_LENGTH__)?__EEPROM_REGION_LENGTH__:0x10000
                [0x00000003]                __FUSE_REGION_LENGTH__ = DEFINED (__FUSE_REGION_LENGTH__)?__FUSE_REGION_LENGTH__:0x400
                0x00000400                __LOCK_REGION_LENGTH__ = DEFINED (__LOCK_REGION_LENGTH__)?__LOCK_REGION_LENGTH__:0x400
                0x00000400                __SIGNATURE_REGION_LENGTH__ = DEFINED (__SIGNATURE_REGION_LENGTH__)?__SIGNATURE_REGION_LENGTH__:0x400
                0x00000400                __USER_SIGNATURE_REGION_LENGTH__ = DEFINED (__USER_SIGNATURE_REGION_LENGTH__)?__USER_SIGNATURE_REGION_LENGTH__:0x400

.hash
 *(.hash)

.dynsym
 *(.dynsym)

.dynstr
 *(.dynstr)

.gnu.version
 *(.gnu.version)

.gnu.version_d
 *(.gnu.version_d)

.gnu.version_r
 *(.gnu.version_r)

.rel.init
 *(.rel.init)

.rela.init
 *(.rela.init)

.rel.text
 *(.rel.text)
 *(.rel.text.*)
 *(.rel.gnu.linkonce.t*)

.rela.text
 *(.rela.text)
 *(.rela.text.*)
 *(.rela.gnu.linkonce.t*)

.rel.fini
 *(.rel.fini)

.rela.fini
 *(.rela.fini)

.rel.rodata
 *(.rel.rodata)
 *(.rel.rodata.*)
 *(.rel.gnu.linkonce.r*)

.rela.rodata
 *(.rela.rodata)
 *(.rela.rodata.*)
 *(.rela.gnu.linkonce.r*)

.rel.data
 *(.rel.data)
 *(.rel.data.*)
 *(.rel.gnu.linkonce.d*)

.rela.data
 *(.rela.data)
 *(.rela.data.*)
 *(.rela.gnu.linkonce.d*)

.rel.ctors
 *(.rel.ctors)

.rela.ctors
 *(.rela.ctors)

.rel.dtors
 *(.rel.dtors)

.rela.dtors
 *(.rela.dtors)

.rel.got
 *(.rel.got)

.rela.got
 *(.rela.got)

.rel.bss
 *(.rel.bss)

.rela.bss
 *(.rela.bss)

.rel.plt
 *(.rel.plt)

.rela.plt
 *(.rela.plt)

.text           0x00000000     0x2b32
 *(.vectors)
 .vectors       0x00000000       0x8c C:/Program Files (x86)/Atmel/Studio/7.0/Packs/Atmel/ATmega_DFP/1.2.209/gcc/dev/atmega128/avr51/crtatmega128.o
                0x00000000                __vector_default
                0x00000000                __vectors
 *(.vectors)
 *(.progmem.gcc*)
 .progmem.gcc_sw_table.hpgl_char
                0x0000008c       0x32 hpgl.o
                0x000000be                . = ALIGN (0x2)
                0x000000be                __trampolines_start = .
 *(.trampolines)
 .trampolines   0x000000be        0x0 linker stubs
 *(.trampolines*)
                0x000000be                __trampolines_end = .
 *libprintf_flt.a:*(.progmem.data)
 *libc.a:*(.progmem.data)
 .progmem.data  0x000000be        0xc c:/program files (x86)/atmel/studio/7.0/toolchain/avr8/avr8-gnu-toolchain/bin/../lib/gcc/avr/5.4.0/../../../../avr/lib/avr51\libc.a(vfscanf_std.o)
 *(.progmem*)
 .progmem.data.__c.2275
                0x000000ca        0x3 hpgl.o
 .progmem.data.__c.2261
                0x000000cd        0x3 hpgl.o
 .progmem.data.__c.2249
                0x000000d0        0x3 hpgl.o
 .progmem.data.__c.2113
                0x000000d3       0x28 scale.o
                0x000000fc                . = ALIGN (0x2)
 *fill*         0x000000fb        0x1 
 *(.jumptables)
 *(.jumptables*)
 *(.lowtext)
 *(.lowtext*)
                0x000000fc                __ctors_start = .
 *(.ctors)
                0x000000fc                __ctors_end = .
                0x000000fc                __dtors_start = .
 *(.dtors)
                0x000000fc                __dtors_end = .
 SORT(*)(.ctors)
 SORT(*)(.dtors)
 *(.init0)
 .init0         0x000000fc        0x0 C:/Program Files (x86)/Atmel/Studio/7.0/Packs/Atmel/ATmega_DFP/1.2.209/gcc/dev/atmega128/avr51/crtatmega128.o
                0x000000fc                __init
 *(.init0)
 *(.init1)
 *(.init1)
 *(.init2)
 .init2         0x000000fc        0xc C:/Program Files (x86)/Atmel/Studio/7.0/Packs/Atmel/ATmega_DFP/1.2.209/gcc/dev/atmega128/avr51/crtatmega128.o
 *(.init2)
 *(.init3)
 *(.init3)
 *(.init4)
 .init4         0x00000108       0x1a c:/program files (x86)/atmel/studio/7.0/toolchain/avr8/avr8-gnu-toolchain/bin/../lib/gcc/avr/5.4.0/avr51\libgcc.a(_copy_data.o)
                0x00000108                __do_copy_data
 .init4         0x00000122       0x10 c:/program files (x86)/atmel/studio/7.0/toolchain/avr8/avr8-gnu-toolchain/bin/../lib/gcc/avr/5.4.0/avr51\libgcc.a(_clear_bss.o)
                0x00000122                __do_clear_bss
 *(.init4)
 *(.init5)
 *(.init5)
 *(.init6)
 *(.init6)
 *(.init7)
 *(.init7)
 *(.init8)
 *(.init8)
 *(.init9)
 .init9         0x00000132        0x6 C:/Program Files (x86)/Atmel/Studio/7.0/Packs/Atmel/ATmega_DFP/1.2.209/gcc/dev/atmega128/avr51/crtatmega128.o
 *(.init9)
 *(.text)
 .text          0x00000138        0x2 C:/Program Files (x86)/Atmel/Studio/7.0/Packs/Atmel/ATmega_DFP/1.2.209/gcc/dev/atmega128/avr51/crtatmega128.o
                0x00000138                __vector_22
                0x00000138                __vector_28
                0x00000138                __vector_1
                0x00000138                __vector_32
                0x00000138                __vector_34
                0x00000138                __vector_24
                0x00000138                __vector_12
                0x00000138                __bad_interrupt
                0x00000138                __vector_6
                0x00000138                __vector_3
                0x00000138                __vector_23
                0x00000138                __vector_25
                0x00000138                __vector_11
                0x00000138                __vector_13
                0x00000138                __vector_17
                0x00000138                __vector_19
                0x00000138                __vector_7
                0x00000138                __vector_27
                0x00000138                __vector_5
                0x00000138                __vector_33
                0x00000138                __vector_4
                0x00000138                __vector_2
                0x00000138                __vector_21
                0x00000138                __vector_29
                0x00000138                __vector_8
                0x00000138                __vector_26
                0x00000138                __vector_14
                0x00000138                __vector_10
                0x00000138                __vector_16
                0x00000138                __vector_18
                0x00000138                __vector_20
                0x0000013a                . = ALIGN (0x2)
 *(.text.*)
 .text.cli_poll
                0x0000013a       0xae cli.o
                0x0000013a                cli_poll
 .text.dial_poll
                0x000001e8       0x96 dial.o
                0x000001e8                dial_poll
 .text.dial_init
                0x0000027e        0xe dial.o
                0x0000027e                dial_init
 .text.hpgl_init
                0x0000028c        0xc hpgl.o
                0x0000028c                hpgl_init
 .text.hpgl_char
                0x00000298      0x4f4 hpgl.o
                0x00000298                hpgl_char
 .text.keypad_write_cols
                0x0000078c       0x1e keypad.o
 .text.keypad_stop_pressed
                0x000007aa        0x8 keypad.o
                0x000007aa                keypad_stop_pressed
 .text.keypad_scan
                0x000007b2       0x8c keypad.o
                0x000007b2                keypad_scan
 .text.keypadSet_Speed_state
                0x0000083e        0xe keypad.o
                0x0000083e                keypadSet_Speed_state
 .text.keypadSet_Pressure_state
                0x0000084c        0xa keypad.o
                0x0000084c                keypadSet_Pressure_state
 .text._beep    0x00000856       0x3e keypad.o
                0x00000856                _beep
 .text.keypad_poll
                0x00000894      0x1f6 keypad.o
                0x00000894                keypad_poll
 .text.keypad_init
                0x00000a8a       0x22 keypad.o
                0x00000a8a                keypad_init
 .text.lcd_read
                0x00000aac       0x56 lcd.o
                0x00000aac                lcd_read
 .text.lcd_backlight_on
                0x00000b02        0xc lcd.o
                0x00000b02                lcd_backlight_on
 .text.lcd_wait_ready
                0x00000b0e       0x22 lcd.o
                0x00000b0e                lcd_wait_ready
 .text.lcd_write_nibble
                0x00000b30       0x1c lcd.o
                0x00000b30                lcd_write_nibble
 .text.lcd_write_control
                0x00000b4c       0x12 lcd.o
                0x00000b4c                lcd_write_control
 .text.lcd_pos  0x00000b5e       0x14 lcd.o
                0x00000b5e                lcd_pos
 .text.lcd_putchar
                0x00000b72       0x46 lcd.o
                0x00000b72                lcd_putchar
 .text.lcd_init
                0x00000bb8       0x5a lcd.o
                0x00000bb8                lcd_init
 .text.lcd_clear
                0x00000c12        0xa lcd.o
                0x00000c12                lcd_clear
 .text.sync_states
                0x00000c1c       0x16 lcd.o
                0x00000c1c                sync_states
 .text.lcd_report_pressure
                0x00000c32       0x4a lcd.o
                0x00000c32                lcd_report_pressure
 .text.lcd_report_speed
                0x00000c7c       0x4a lcd.o
                0x00000c7c                lcd_report_speed
 .text.lcd_report_pressure1
                0x00000cc6       0x34 lcd.o
                0x00000cc6                lcd_report_pressure1
 .text.lcd_report_speed1
                0x00000cfa       0x34 lcd.o
                0x00000cfa                lcd_report_speed1
 .text.setup    0x00000d2e       0x3c main.o
                0x00000d2e                setup
 .text.startup.main
                0x00000d6a       0x24 main.o
                0x00000d6a                main
 .text.translate_init
                0x00000d8e       0x82 scale.o
                0x00000d8e                translate_init
 .text.translate_scale
                0x00000e10      0x1e4 scale.o
                0x00000e10                translate_scale
 .text.serial_get_rx_buffer_count
                0x00000ff4       0x12 serial.o
                0x00000ff4                serial_get_rx_buffer_count
 .text.serial_init
                0x00001006       0x2c serial.o
                0x00001006                serial_init
 .text.serial_write
                0x00001032       0x2e serial.o
                0x00001032                serial_write
 .text.__vector_31
                0x00001060       0x84 serial.o
                0x00001060                __vector_31
 .text.serial_read
                0x000010e4       0x4e serial.o
                0x000010e4                serial_read
 .text.__vector_30
                0x00001132       0x90 serial.o
                0x00001132                __vector_30
 .text.alloc_cmd
                0x000011c2       0x2a stepper.o
 .text.stepper_jogRelative
                0x000011ec       0x58 stepper.o
 .text.stepper_set_origin00
                0x00001244       0x46 stepper.o
                0x00001244                stepper_set_origin00
 .text.stepper_off
                0x0000128a        0x6 stepper.o
                0x0000128a                stepper_off
 .text.stepper_draw
                0x00001290       0x56 stepper.o
                0x00001290                stepper_draw
 .text.stepper_move
                0x000012e6       0x5a stepper.o
                0x000012e6                stepper_move
 .text.stepper_jog_manual
                0x00001340       0x50 stepper.o
                0x00001340                stepper_jog_manual
 .text.stepper_load_paper
                0x00001390       0x3e stepper.o
                0x00001390                stepper_load_paper
 .text.stepper_unload_paper
                0x000013ce       0x20 stepper.o
                0x000013ce                stepper_unload_paper
 .text.pen_up   0x000013ee       0x14 stepper.o
                0x000013ee                pen_up
 .text.stepper_home
                0x00001402       0x30 stepper.o
                0x00001402                stepper_home
 .text.pen_down
                0x00001432       0x2e stepper.o
                0x00001432                pen_down
 .text.do_next_command
                0x00001460      0x18c stepper.o
                0x00001460                do_next_command
 .text.stepper_tick
                0x000015ec      0x1f8 stepper.o
                0x000015ec                stepper_tick
 .text.stepper_init
                0x000017e4        0xe stepper.o
                0x000017e4                stepper_init
 .text.__vector_15
                0x000017f2       0x4c timer.o
                0x000017f2                __vector_15
 .text.__vector_9
                0x0000183e       0x4e timer.o
                0x0000183e                __vector_9
 .text.beeper_on
                0x0000188c       0x3c timer.o
                0x0000188c                beeper_on
 .text.beeper_off
                0x000018c8        0x4 timer.o
                0x000018c8                beeper_off
 .text.usleep   0x000018cc       0x1c timer.o
                0x000018cc                usleep
 .text.msleep   0x000018e8       0x1a timer.o
                0x000018e8                msleep
 .text.timer_get_stepper_speed
                0x00001902        0xa timer.o
                0x00001902                timer_get_stepper_speed
 .text.timer_set_stepper_speed
                0x0000190c       0x3e timer.o
                0x0000190c                timer_set_stepper_speed
 .text.timer_get_pen_pressure
                0x0000194a        0xa timer.o
                0x0000194a                timer_get_pen_pressure
 .text.timer_set_pen_pressure
                0x00001954       0x38 timer.o
                0x00001954                timer_set_pen_pressure
 .text.timer_init
                0x0000198c       0x3a timer.o
                0x0000198c                timer_init
 .text.usb_puts
                0x000019c6       0x16 usb.o
                0x000019c6                usb_puts
 .text.usb_getc
                0x000019dc        0x2 usb.o
                0x000019dc                usb_getc
 .text.usb_init
                0x000019de        0x2 usb.o
                0x000019de                usb_init
 .text.avr-libc.fplib
                0x000019e0        0x4 c:/program files (x86)/atmel/studio/7.0/toolchain/avr8/avr8-gnu-toolchain/bin/../lib/gcc/avr/5.4.0/../../../../avr/lib/avr51\libm.a(divsf3.o)
                0x000019e0                __divsf3
 .text.avr-libc.fplib
                0x000019e4       0xcc c:/program files (x86)/atmel/studio/7.0/toolchain/avr8/avr8-gnu-toolchain/bin/../lib/gcc/avr/5.4.0/../../../../avr/lib/avr51\libm.a(divsf3x.o)
                0x000019fa                __divsf3x
                0x000019fe                __divsf3_pse
 .text.avr-libc.fplib
                0x00001ab0        0xa c:/program files (x86)/atmel/studio/7.0/toolchain/avr8/avr8-gnu-toolchain/bin/../lib/gcc/avr/5.4.0/../../../../avr/lib/avr51\libm.a(fixsfsi.o)
                0x00001ab0                __fixsfsi
 .text.avr-libc.fplib
                0x00001aba       0x58 c:/program files (x86)/atmel/studio/7.0/toolchain/avr8/avr8-gnu-toolchain/bin/../lib/gcc/avr/5.4.0/../../../../avr/lib/avr51\libm.a(fixunssfsi.o)
                0x00001aba                __fixunssfsi
 .text.avr-libc.fplib
                0x00001b12       0x7a c:/program files (x86)/atmel/studio/7.0/toolchain/avr8/avr8-gnu-toolchain/bin/../lib/gcc/avr/5.4.0/../../../../avr/lib/avr51\libm.a(floatsisf.o)
                0x00001b12                __floatunsisf
                0x00001b16                __floatsisf
 .text.avr-libc.fplib
                0x00001b8c        0xc c:/program files (x86)/atmel/studio/7.0/toolchain/avr8/avr8-gnu-toolchain/bin/../lib/gcc/avr/5.4.0/../../../../avr/lib/avr51\libm.a(fp_inf.o)
                0x00001b8c                __fp_inf
 .text.avr-libc.fplib
                0x00001b98        0x6 c:/program files (x86)/atmel/studio/7.0/toolchain/avr8/avr8-gnu-toolchain/bin/../lib/gcc/avr/5.4.0/../../../../avr/lib/avr51\libm.a(fp_nan.o)
                0x00001b98                __fp_nan
 .text.avr-libc.fplib
                0x00001b9e        0xe c:/program files (x86)/atmel/studio/7.0/toolchain/avr8/avr8-gnu-toolchain/bin/../lib/gcc/avr/5.4.0/../../../../avr/lib/avr51\libm.a(fp_pscA.o)
                0x00001b9e                __fp_pscA
 .text.avr-libc.fplib
                0x00001bac        0xe c:/program files (x86)/atmel/studio/7.0/toolchain/avr8/avr8-gnu-toolchain/bin/../lib/gcc/avr/5.4.0/../../../../avr/lib/avr51\libm.a(fp_pscB.o)
                0x00001bac                __fp_pscB
 .text.avr-libc.fplib
                0x00001bba       0x22 c:/program files (x86)/atmel/studio/7.0/toolchain/avr8/avr8-gnu-toolchain/bin/../lib/gcc/avr/5.4.0/../../../../avr/lib/avr51\libm.a(fp_round.o)
                0x00001bba                __fp_round
 .text.avr-libc.fplib
                0x00001bdc       0x44 c:/program files (x86)/atmel/studio/7.0/toolchain/avr8/avr8-gnu-toolchain/bin/../lib/gcc/avr/5.4.0/../../../../avr/lib/avr51\libm.a(fp_split3.o)
                0x00001bdc                __fp_split3
                0x00001bec                __fp_splitA
 .text.avr-libc.fplib
                0x00001c20        0xe c:/program files (x86)/atmel/studio/7.0/toolchain/avr8/avr8-gnu-toolchain/bin/../lib/gcc/avr/5.4.0/../../../../avr/lib/avr51\libm.a(fp_zero.o)
                0x00001c20                __fp_zero
                0x00001c22                __fp_szero
 .text.avr-libc.fplib
                0x00001c2e        0x4 c:/program files (x86)/atmel/studio/7.0/toolchain/avr8/avr8-gnu-toolchain/bin/../lib/gcc/avr/5.4.0/../../../../avr/lib/avr51\libm.a(mulsf3.o)
                0x00001c2e                __mulsf3
 .text.avr-libc.fplib
                0x00001c32       0xc2 c:/program files (x86)/atmel/studio/7.0/toolchain/avr8/avr8-gnu-toolchain/bin/../lib/gcc/avr/5.4.0/../../../../avr/lib/avr51\libm.a(mulsf3x.o)
                0x00001c46                __mulsf3x
                0x00001c4a                __mulsf3_pse
 .text.avr-libc.fplib
                0x00001cf4       0x40 c:/program files (x86)/atmel/studio/7.0/toolchain/avr8/avr8-gnu-toolchain/bin/../lib/gcc/avr/5.4.0/../../../../avr/lib/avr51\libm.a(round.o)
                0x00001cf4                round
 .text.avr-libc.fplib
                0x00001d34       0x36 c:/program files (x86)/atmel/studio/7.0/toolchain/avr8/avr8-gnu-toolchain/bin/../lib/gcc/avr/5.4.0/../../../../avr/lib/avr51\libm.a(fp_mintl.o)
                0x00001d34                __fp_mintl
 .text.avr-libc.fplib
                0x00001d6a       0x1c c:/program files (x86)/atmel/studio/7.0/toolchain/avr8/avr8-gnu-toolchain/bin/../lib/gcc/avr/5.4.0/../../../../avr/lib/avr51\libm.a(fp_mpack.o)
                0x00001d6a                __fp_mpack
                0x00001d6e                __fp_mpack_finite
 .text.libgcc.div
                0x00001d86       0x26 c:/program files (x86)/atmel/studio/7.0/toolchain/avr8/avr8-gnu-toolchain/bin/../lib/gcc/avr/5.4.0/avr51\libgcc.a(_divmodhi4.o)
                0x00001d86                _div
                0x00001d86                __divmodhi4
 .text.libgcc.div
                0x00001dac       0x28 c:/program files (x86)/atmel/studio/7.0/toolchain/avr8/avr8-gnu-toolchain/bin/../lib/gcc/avr/5.4.0/avr51\libgcc.a(_divmodsi4.o)
                0x00001dac                __divmodsi4
 .text.libgcc.div
                0x00001dd4       0x10 c:/program files (x86)/atmel/studio/7.0/toolchain/avr8/avr8-gnu-toolchain/bin/../lib/gcc/avr/5.4.0/avr51\libgcc.a(_negsi2.o)
                0x00001dd4                __negsi2
 .text.libgcc   0x00001de4       0x12 c:/program files (x86)/atmel/studio/7.0/toolchain/avr8/avr8-gnu-toolchain/bin/../lib/gcc/avr/5.4.0/avr51\libgcc.a(_tablejump2.o)
                0x00001de4                __tablejump2__
 .text.libgcc.div
                0x00001df6       0x28 c:/program files (x86)/atmel/studio/7.0/toolchain/avr8/avr8-gnu-toolchain/bin/../lib/gcc/avr/5.4.0/avr51\libgcc.a(_udivmodhi4.o)
                0x00001df6                __udivmodhi4
 .text.libgcc.div
                0x00001e1e       0x44 c:/program files (x86)/atmel/studio/7.0/toolchain/avr8/avr8-gnu-toolchain/bin/../lib/gcc/avr/5.4.0/avr51\libgcc.a(_udivmodsi4.o)
                0x00001e1e                __udivmodsi4
 .text.avr-libc
                0x00001e62       0x1e c:/program files (x86)/atmel/studio/7.0/toolchain/avr8/avr8-gnu-toolchain/bin/../lib/gcc/avr/5.4.0/../../../../avr/lib/avr51\libc.a(fprintf.o)
                0x00001e62                fprintf
 .text.avr-libc
                0x00001e80       0x58 c:/program files (x86)/atmel/studio/7.0/toolchain/avr8/avr8-gnu-toolchain/bin/../lib/gcc/avr/5.4.0/../../../../avr/lib/avr51\libc.a(fputs.o)
                0x00001e80                fputs
 .text.avr-libc
                0x00001ed8       0x4e c:/program files (x86)/atmel/studio/7.0/toolchain/avr8/avr8-gnu-toolchain/bin/../lib/gcc/avr/5.4.0/../../../../avr/lib/avr51\libc.a(printf_p.o)
                0x00001ed8                printf_P
 .text.avr-libc
                0x00001f26       0x42 c:/program files (x86)/atmel/studio/7.0/toolchain/avr8/avr8-gnu-toolchain/bin/../lib/gcc/avr/5.4.0/../../../../avr/lib/avr51\libc.a(sscanf_p.o)
                0x00001f26                sscanf_P
 .text.avr-libc
                0x00001f68      0x3fa c:/program files (x86)/atmel/studio/7.0/toolchain/avr8/avr8-gnu-toolchain/bin/../lib/gcc/avr/5.4.0/../../../../avr/lib/avr51\libc.a(vfprintf_std.o)
                0x00001f68                vfprintf
 .text.avr-libc
                0x00002362      0x592 c:/program files (x86)/atmel/studio/7.0/toolchain/avr8/avr8-gnu-toolchain/bin/../lib/gcc/avr/5.4.0/../../../../avr/lib/avr51\libc.a(vfscanf_std.o)
                0x000026c6                vfscanf
 .text.avr-libc
                0x000028f4       0x10 c:/program files (x86)/atmel/studio/7.0/toolchain/avr8/avr8-gnu-toolchain/bin/../lib/gcc/avr/5.4.0/../../../../avr/lib/avr51\libc.a(isspace.o)
                0x000028f4                isspace
 .text.avr-libc
                0x00002904       0x16 c:/program files (x86)/atmel/studio/7.0/toolchain/avr8/avr8-gnu-toolchain/bin/../lib/gcc/avr/5.4.0/../../../../avr/lib/avr51\libc.a(strchr_P.o)
                0x00002904                strchr_P
 .text.avr-libc
                0x0000291a       0x16 c:/program files (x86)/atmel/studio/7.0/toolchain/avr8/avr8-gnu-toolchain/bin/../lib/gcc/avr/5.4.0/../../../../avr/lib/avr51\libc.a(strnlen_P.o)
                0x0000291a                strnlen_P
 .text.avr-libc
                0x00002930       0x16 c:/program files (x86)/atmel/studio/7.0/toolchain/avr8/avr8-gnu-toolchain/bin/../lib/gcc/avr/5.4.0/../../../../avr/lib/avr51\libc.a(strnlen.o)
                0x00002930                strnlen
 .text.avr-libc
                0x00002946       0x7c c:/program files (x86)/atmel/studio/7.0/toolchain/avr8/avr8-gnu-toolchain/bin/../lib/gcc/avr/5.4.0/../../../../avr/lib/avr51\libc.a(fgetc.o)
                0x00002946                fgetc
 .text.avr-libc
                0x000029c2       0x78 c:/program files (x86)/atmel/studio/7.0/toolchain/avr8/avr8-gnu-toolchain/bin/../lib/gcc/avr/5.4.0/../../../../avr/lib/avr51\libc.a(fputc.o)
                0x000029c2                fputc
 .text.avr-libc
                0x00002a3a       0x32 c:/program files (x86)/atmel/studio/7.0/toolchain/avr8/avr8-gnu-toolchain/bin/../lib/gcc/avr/5.4.0/../../../../avr/lib/avr51\libc.a(ungetc.o)
                0x00002a3a                ungetc
 .text.avr-libc
                0x00002a6c       0xbc c:/program files (x86)/atmel/studio/7.0/toolchain/avr8/avr8-gnu-toolchain/bin/../lib/gcc/avr/5.4.0/../../../../avr/lib/avr51\libc.a(ultoa_invert.o)
                0x00002a6c                __ultoa_invert
 .text.avr-libc
                0x00002b28        0x6 c:/program files (x86)/atmel/studio/7.0/toolchain/avr8/avr8-gnu-toolchain/bin/../lib/gcc/avr/5.4.0/../../../../avr/lib/avr51\libc.a(cty_isfalse.o)
                0x00002b28                __ctype_isfalse
                0x00002b2c                __ctype_istrue
                0x00002b2e                . = ALIGN (0x2)
 *(.fini9)
 .fini9         0x00002b2e        0x0 c:/program files (x86)/atmel/studio/7.0/toolchain/avr8/avr8-gnu-toolchain/bin/../lib/gcc/avr/5.4.0/avr51\libgcc.a(_exit.o)
                0x00002b2e                _exit
                0x00002b2e                exit
 *(.fini9)
 *(.fini8)
 *(.fini8)
 *(.fini7)
 *(.fini7)
 *(.fini6)
 *(.fini6)
 *(.fini5)
 *(.fini5)
 *(.fini4)
 *(.fini4)
 *(.fini3)
 *(.fini3)
 *(.fini2)
 *(.fini2)
 *(.fini1)
 *(.fini1)
 *(.fini0)
 .fini0         0x00002b2e        0x4 c:/program files (x86)/atmel/studio/7.0/toolchain/avr8/avr8-gnu-toolchain/bin/../lib/gcc/avr/5.4.0/avr51\libgcc.a(_exit.o)
 *(.fini0)
                0x00002b32                _etext = .

.data           0x00800100       0xda load address 0x00002b32
                0x00800100                PROVIDE (__data_start, .)
 *(.data)
 *(.data*)
 .data.cmd.2165
                0x00800100        0x1 hpgl.o
 .data.Lang     0x00800101        0x1 keypad.o
                0x00800101                Lang
 .data.sound_mode
                0x00800102        0x1 keypad.o
 .data.lcd      0x00800103        0xe lcd.o
                0x00800103                lcd
 .data.flow_ctrl
                0x00800111        0x1 serial.o
                0x00800111                flow_ctrl
 .data.motor_off_delay
                0x00800112        0x2 stepper.o
 .data.loc_y    0x00800114        0x2 stepper.o
 .data.loc_x    0x00800116        0x2 stepper.o
 .data.count_25Hz
                0x00800118        0x1 timer.o
 .data.count_Hz
                0x00800119        0x1 timer.o
 *(.gnu.linkonce.d*)
 *(.rodata)
 *(.rodata*)
 .rodata.str1.1
                0x0080011a       0x8e keypad.o
 .rodata.str1.1
                0x008001a8       0x17 lcd.o
 .rodata.str1.1
                0x008001bf        0xa main.o
 .rodata.StepperPhaseTable
                0x008001c9       0x10 stepper.o
 *(.gnu.linkonce.r*)
                0x008001da                . = ALIGN (0x2)
 *fill*         0x008001d9        0x1 
                0x008001da                _edata = .
                0x008001da                PROVIDE (__data_end, .)

.bss            0x008001da      0x247
                0x008001da                PROVIDE (__bss_start, .)
 *(.bss)
 *(.bss*)
 .bss.queued.1972
                0x008001da        0x1 dial.o
 .bss.dial_adc  0x008001db        0x3 dial.o
 .bss.pvars     0x008001de        0x3 dial.o
 .bss.channel   0x008001e1        0x1 dial.o
 .bss.fy.2167   0x008001e2        0x2 hpgl.o
 .bss.fx.2166   0x008001e4        0x2 hpgl.o
 .bss.i.2162    0x008001e6        0x1 hpgl.o
 .bss.numpad_idx.2164
                0x008001e7        0x1 hpgl.o
 .bss.si.2163   0x008001e8        0x1 hpgl.o
 .bss.k_state   0x008001e9        0x2 keypad.o
 .bss.current_pos
                0x008001eb        0x1 lcd.o
                0x008001eb                current_pos
 .bss.user_yscale
                0x008001ec        0x4 scale.o
 .bss.user_xscale
                0x008001f0        0x4 scale.o
 .bss.serial_tx_buffer_tail
                0x008001f4        0x1 serial.o
                0x008001f4                serial_tx_buffer_tail
 .bss.serial_tx_buffer_head
                0x008001f5        0x1 serial.o
                0x008001f5                serial_tx_buffer_head
 .bss.serial_rx_buffer_tail
                0x008001f6        0x1 serial.o
                0x008001f6                serial_rx_buffer_tail
 .bss.serial_rx_buffer_head
                0x008001f7        0x1 serial.o
                0x008001f7                serial_rx_buffer_head
 .bss.cmd_tail  0x008001f8        0x1 stepper.o
 .bss.cmd_head  0x008001f9        0x1 stepper.o
 .bss.ActionState
                0x008001fa        0x2 stepper.o
 .bss.step_delay
                0x008001fc        0x2 stepper.o
 .bss.b         0x008001fe        0xd stepper.o
 .bss.ofs_y     0x0080020b        0x2 stepper.o
 .bss.ofs_x     0x0080020d        0x2 stepper.o
 .bss.current_stepper_speed
                0x0080020f        0x2 timer.o
 .bss.current_pen_pressure
                0x00800211        0x2 timer.o
 *(COMMON)
 COMMON         0x00800213        0x3 hpgl.o
                0x00800213                pstate
                0x00800214                etxchar
                0x00800215                nstate
 COMMON         0x00800216       0x22 keypad.o
                0x00800216                keypad_prev
                0x00800226                leds
                0x00800228                keypad_state
 COMMON         0x00800238        0x4 lcd.o
                0x00800238                last_pen_pressure
                0x0080023a                last_stepper_speed
 COMMON         0x0080023c       0xc0 serial.o
                0x0080023c                serial_tx_buffer
                0x0080027c                serial_rx_buffer
 COMMON         0x008002fc       0x7d shvars.o
                0x008002fc                borderflags
                0x008002fd                sc_pad
                0x0080030d                scratchpad
                0x0080034d                numpad
                0x0080035d                ip_pad
                0x0080036d                stepper_loc
                0x00800371                user_loc
 COMMON         0x00800379       0xa0 stepper.o
                0x00800379                cmd_queue
 COMMON         0x00800419        0x2 timer.o
                0x00800419                flag_Hz
                0x0080041a                flag_25Hz
 COMMON         0x0080041b        0x6 c:/program files (x86)/atmel/studio/7.0/toolchain/avr8/avr8-gnu-toolchain/bin/../lib/gcc/avr/5.4.0/../../../../avr/lib/avr51\libc.a(iob.o)
                0x0080041b                __iob
                0x00800421                PROVIDE (__bss_end, .)
                0x00002b32                __data_load_start = LOADADDR (.data)
                0x00002c0c                __data_load_end = (__data_load_start + SIZEOF (.data))

.noinit         0x00800421        0x0
                [!provide]                PROVIDE (__noinit_start, .)
 *(.noinit*)
                [!provide]                PROVIDE (__noinit_end, .)
                0x00800421                _end = .
                [!provide]                PROVIDE (__heap_start, .)

.eeprom         0x00810000        0x0
 *(.eeprom*)
                0x00810000                __eeprom_end = .

.fuse
 *(.fuse)
 *(.lfuse)
 *(.hfuse)
 *(.efuse)

.lock
 *(.lock*)

.signature
 *(.signature*)

.user_signatures
 *(.user_signatures*)

.stab
 *(.stab)

.stabstr
 *(.stabstr)

.stab.excl
 *(.stab.excl)

.stab.exclstr
 *(.stab.exclstr)

.stab.index
 *(.stab.index)

.stab.indexstr
 *(.stab.indexstr)

.comment        0x00000000       0x5c
 *(.comment)
 .comment       0x00000000       0x30 cli.o
                                 0x31 (size before relaxing)
 .comment       0x00000030       0x31 dial.o
 .comment       0x00000030       0x31 hpgl.o
 .comment       0x00000030       0x31 keypad.o
 .comment       0x00000030       0x31 lcd.o
 .comment       0x00000030       0x31 main.o
 .comment       0x00000030       0x31 scale.o
 .comment       0x00000030       0x31 serial.o
 .comment       0x00000030       0x31 shvars.o
 .comment       0x00000030       0x31 stepper.o
 .comment       0x00000030       0x31 timer.o
 .comment       0x00000030       0x31 usb.o
 .comment       0x00000030       0x31 c:/program files (x86)/atmel/studio/7.0/toolchain/avr8/avr8-gnu-toolchain/bin/../lib/gcc/avr/5.4.0/../../../../avr/lib/avr51\libc.a(fprintf.o)
 .comment       0x00000030       0x31 c:/program files (x86)/atmel/studio/7.0/toolchain/avr8/avr8-gnu-toolchain/bin/../lib/gcc/avr/5.4.0/../../../../avr/lib/avr51\libc.a(fputs.o)
 .comment       0x00000030       0x31 c:/program files (x86)/atmel/studio/7.0/toolchain/avr8/avr8-gnu-toolchain/bin/../lib/gcc/avr/5.4.0/../../../../avr/lib/avr51\libc.a(printf_p.o)
 .comment       0x00000030       0x31 c:/program files (x86)/atmel/studio/7.0/toolchain/avr8/avr8-gnu-toolchain/bin/../lib/gcc/avr/5.4.0/../../../../avr/lib/avr51\libc.a(sscanf_p.o)
 .comment       0x00000030       0x2c c:/program files (x86)/atmel/studio/7.0/toolchain/avr8/avr8-gnu-toolchain/bin/../lib/gcc/avr/5.4.0/../../../../avr/lib/avr51\libc.a(vfprintf_std.o)
                                 0x2d (size before relaxing)
 .comment       0x0000005c       0x2d c:/program files (x86)/atmel/studio/7.0/toolchain/avr8/avr8-gnu-toolchain/bin/../lib/gcc/avr/5.4.0/../../../../avr/lib/avr51\libc.a(vfscanf_std.o)
 .comment       0x0000005c       0x31 c:/program files (x86)/atmel/studio/7.0/toolchain/avr8/avr8-gnu-toolchain/bin/../lib/gcc/avr/5.4.0/../../../../avr/lib/avr51\libc.a(fgetc.o)
 .comment       0x0000005c       0x31 c:/program files (x86)/atmel/studio/7.0/toolchain/avr8/avr8-gnu-toolchain/bin/../lib/gcc/avr/5.4.0/../../../../avr/lib/avr51\libc.a(fputc.o)
 .comment       0x0000005c       0x31 c:/program files (x86)/atmel/studio/7.0/toolchain/avr8/avr8-gnu-toolchain/bin/../lib/gcc/avr/5.4.0/../../../../avr/lib/avr51\libc.a(iob.o)
 .comment       0x0000005c       0x31 c:/program files (x86)/atmel/studio/7.0/toolchain/avr8/avr8-gnu-toolchain/bin/../lib/gcc/avr/5.4.0/../../../../avr/lib/avr51\libc.a(ungetc.o)

.note.gnu.avr.deviceinfo
                0x00000000       0x3c
 .note.gnu.avr.deviceinfo
                0x00000000       0x3c C:/Program Files (x86)/Atmel/Studio/7.0/Packs/Atmel/ATmega_DFP/1.2.209/gcc/dev/atmega128/avr51/crtatmega128.o

.note.gnu.build-id
 *(.note.gnu.build-id)

.debug
 *(.debug)

.line
 *(.line)

.debug_srcinfo
 *(.debug_srcinfo)

.debug_sfnames
 *(.debug_sfnames)

.debug_aranges
 *(.debug_aranges)

.debug_pubnames
 *(.debug_pubnames)

.debug_info     0x00000000      0x780
 *(.debug_info .gnu.linkonce.wi.*)
 .debug_info    0x00000000      0x780 C:/Program Files (x86)/Atmel/Studio/7.0/Packs/Atmel/ATmega_DFP/1.2.209/gcc/dev/atmega128/avr51/crtatmega128.o

.debug_abbrev   0x00000000      0x718
 *(.debug_abbrev)
 .debug_abbrev  0x00000000      0x718 C:/Program Files (x86)/Atmel/Studio/7.0/Packs/Atmel/ATmega_DFP/1.2.209/gcc/dev/atmega128/avr51/crtatmega128.o

.debug_line     0x00000000      0x169
 *(.debug_line .debug_line.* .debug_line_end)
 .debug_line    0x00000000      0x169 C:/Program Files (x86)/Atmel/Studio/7.0/Packs/Atmel/ATmega_DFP/1.2.209/gcc/dev/atmega128/avr51/crtatmega128.o

.debug_frame
 *(.debug_frame)

.debug_str      0x00000000      0x27d
 *(.debug_str)
 .debug_str     0x00000000      0x27d C:/Program Files (x86)/Atmel/Studio/7.0/Packs/Atmel/ATmega_DFP/1.2.209/gcc/dev/atmega128/avr51/crtatmega128.o

.debug_loc
 *(.debug_loc)

.debug_macinfo
 *(.debug_macinfo)

.debug_weaknames
 *(.debug_weaknames)

.debug_funcnames
 *(.debug_funcnames)

.debug_typenames
 *(.debug_typenames)

.debug_varnames
 *(.debug_varnames)

.debug_pubtypes
 *(.debug_pubtypes)

.debug_ranges
 *(.debug_ranges)

.debug_macro
 *(.debug_macro)
OUTPUT(FreecutAL.elf elf32-avr)
LOAD linker stubs
